******************************************************************************
                  TI ARM Linker PC v16.9.6                     
******************************************************************************
>> Linked Wed Jun 13 17:38:49 2018

OUTPUT FILE NAME:   <Sensors.out>
ENTRY POINT SYMBOL: "_c_int00"  address: 000007e9


MEMORY CONFIGURATION

         name            origin    length      used     unused   attr    fill
----------------------  --------  ---------  --------  --------  ----  --------
  FLASH                 00000000   00040000  000009d2  0003f62e  R  X
  SRAM                  20000000   00008000  0000021b  00007de5  RW X


SEGMENT ALLOCATION MAP

run origin  load origin   length   init length attrs members
----------  ----------- ---------- ----------- ----- -------
00000000    00000000    000009d8   000009d8    r-x
  00000000    00000000    0000026c   0000026c    r-- .intvecs
  0000026c    0000026c    0000072e   0000072e    r-x .text
  000009a0    000009a0    00000038   00000038    r-- .cinit
20000000    20000000    0000021c   00000000    rw-
  20000000    20000000    00000200   00000000    rw- .stack
  20000200    20000200    00000019   00000000    rw- .data
  2000021a    2000021a    00000002   00000000    rw- .bss


SECTION ALLOCATION MAP

 output                                  attributes/
section   page    origin      length       input sections
--------  ----  ----------  ----------   ----------------
.intvecs   0    00000000    0000026c     
                  00000000    0000026c     tm4c123gh6pm_startup_ccs.obj (.intvecs)

.text      0    0000026c    0000072e     
                  0000026c    00000136     rtsv7M4_T_le_v4SPD16_eabi.lib : fd_div_t2.obj (.text)
                  000003a2    000000fc                                   : fd_mul_t2.obj (.text)
                  0000049e    0000009c                                   : memcpy_t2.obj (.text)
                  0000053a    00000002                                   : mpu_init.obj (.text)
                  0000053c    00000090     ADC.obj (.text)
                  000005cc    0000007a     rtsv7M4_T_le_v4SPD16_eabi.lib : memset_t2.obj (.text)
                  00000646    00000002                                   : startup.obj (.text)
                  00000648    00000074     main.obj (.text)
                  000006bc    00000070     rtsv7M4_T_le_v4SPD16_eabi.lib : autoinit.obj (.text)
                  0000072c    00000068                                   : copy_decompress_lzss.obj (.text:decompress:lzss)
                  00000794    00000054     GPT.obj (.text)
                  000007e8    00000054     rtsv7M4_T_le_v4SPD16_eabi.lib : boot.obj (.text)
                  0000083c    00000054                                   : exit.obj (.text)
                  00000890    0000004c                                   : cpy_tbl.obj (.text)
                  000008dc    00000048                                   : fd_toi_t2.obj (.text)
                  00000924    00000020                                   : u_tofd_t2.obj (.text)
                  00000944    00000018                                   : args_main.obj (.text)
                  0000095c    00000014                                   : _lock.obj (.text)
                  00000970    0000000e                                   : copy_decompress_none.obj (.text:decompress:none)
                  0000097e    0000000c                                   : copy_zero_init.obj (.text:decompress:ZI)
                  0000098a    0000000c     tm4c123gh6pm_startup_ccs.obj (.text)
                  00000996    00000004     rtsv7M4_T_le_v4SPD16_eabi.lib : pre_init.obj (.text)

.cinit     0    000009a0    00000038     
                  000009a0    00000011     (.cinit..data.load) [load image, compression = lzss]
                  000009b1    00000003     --HOLE-- [fill = 0]
                  000009b4    0000000c     (__TI_handler_table)
                  000009c0    00000008     (.cinit..bss.load) [load image, compression = zero_init]
                  000009c8    00000010     (__TI_cinit_table)

.init_array 
*          0    00000000    00000000     UNINITIALIZED

.stack     0    20000000    00000200     UNINITIALIZED
                  20000000    00000200     --HOLE--

.data      0    20000200    00000019     UNINITIALIZED
                  20000200    0000000c     rtsv7M4_T_le_v4SPD16_eabi.lib : exit.obj (.data:$O1$$)
                  2000020c    00000008                                   : _lock.obj (.data:$O1$$)
                  20000214    00000004                                   : stkdepth_vars.obj (.data)
                  20000218    00000001     main.obj (.data)

.bss       0    2000021a    00000002     UNINITIALIZED
                  2000021a    00000002     (.common:result)

MODULE SUMMARY

       Module                         code   ro data   rw data
       ------                         ----   -------   -------
    .\
       tm4c123gh6pm_startup_ccs.obj   12     620       0      
       ADC.obj                        144    0         0      
       main.obj                       116    0         3      
       GPT.obj                        84     0         0      
    +--+------------------------------+------+---------+---------+
       Total:                         356    620       3      
                                                              
    E:\gam3a\CC\ccsv7\tools\compiler\ti-cgt-arm_16.9.6.LTS\lib\rtsv7M4_T_le_v4SPD16_eabi.lib
       fd_div_t2.obj                  310    0         0      
       fd_mul_t2.obj                  252    0         0      
       memcpy_t2.obj                  156    0         0      
       memset_t2.obj                  122    0         0      
       autoinit.obj                   112    0         0      
       copy_decompress_lzss.obj       104    0         0      
       exit.obj                       84     0         12     
       boot.obj                       84     0         0      
       cpy_tbl.obj                    76     0         0      
       fd_toi_t2.obj                  72     0         0      
       u_tofd_t2.obj                  32     0         0      
       _lock.obj                      20     0         8      
       args_main.obj                  24     0         0      
       copy_decompress_none.obj       14     0         0      
       copy_zero_init.obj             12     0         0      
       pre_init.obj                   4      0         0      
       stkdepth_vars.obj              0      0         4      
       mpu_init.obj                   2      0         0      
       startup.obj                    2      0         0      
    +--+------------------------------+------+---------+---------+
       Total:                         1482   0         24     
                                                              
       Stack:                         0      0         512    
       Linker Generated:              0      53        0      
    +--+------------------------------+------+---------+---------+
       Grand Total:                   1838   673       539    


LINKER GENERATED COPY TABLES

__TI_cinit_table @ 000009c8 records: 2, size/record: 8, table size: 16
	.data: load addr=000009a0, load size=00000011 bytes, run addr=20000200, run size=00000019 bytes, compression=lzss
	.bss: load addr=000009c0, load size=00000008 bytes, run addr=2000021a, run size=00000002 bytes, compression=zero_init


LINKER GENERATED HANDLER TABLE

__TI_handler_table @ 000009b4 records: 3, size/record: 4, table size: 12
	index: 0, handler: __TI_decompress_lzss
	index: 1, handler: __TI_decompress_none
	index: 2, handler: __TI_zero_init


GLOBAL SYMBOLS: SORTED ALPHABETICALLY BY Name 

address   name                           
-------   ----                           
0000053d  ADCinit                        
0000083d  C$$EXIT                        
00000795  GPTinit                        
0000098b  ResetISR                       
UNDEFED   SHT$$INIT_ARRAY$$Base          
UNDEFED   SHT$$INIT_ARRAY$$Limit         
00000649  SystemInit                     
20000200  __STACK_END                    
00000200  __STACK_SIZE                   
20000200  __STACK_TOP                    
000009c8  __TI_CINIT_Base                
000009d8  __TI_CINIT_Limit               
000009b4  __TI_Handler_Table_Base        
000009c0  __TI_Handler_Table_Limit       
000006bd  __TI_auto_init                 
20000200  __TI_cleanup_ptr               
0000072d  __TI_decompress_lzss           
00000971  __TI_decompress_none           
20000204  __TI_dtors_ptr                 
20000208  __TI_enable_exit_profile_output
ffffffff  __TI_pprof_out_hndl            
ffffffff  __TI_prof_data_size            
ffffffff  __TI_prof_data_start           
00000000  __TI_static_base__             
0000097f  __TI_zero_init                 
000008dd  __aeabi_d2iz                   
0000026d  __aeabi_ddiv                   
000003a3  __aeabi_dmul                   
000005cd  __aeabi_memclr                 
000005cd  __aeabi_memclr4                
000005cd  __aeabi_memclr8                
0000049f  __aeabi_memcpy                 
0000049f  __aeabi_memcpy4                
0000049f  __aeabi_memcpy8                
000005cf  __aeabi_memset                 
000005cf  __aeabi_memset4                
000005cf  __aeabi_memset8                
00000925  __aeabi_ui2d                   
ffffffff  __binit__                      
ffffffff  __c_args__                     
0000053b  __mpu_init                     
20000000  __stack                        
00000945  _args_main                     
000007e9  _c_int00                       
2000020c  _lock                          
0000096b  _nop                           
00000963  _register_lock                 
0000095d  _register_unlock               
00000647  _system_post_cinit             
00000997  _system_pre_init               
20000210  _unlock                        
00000841  abort                          
ffffffff  binit                          
00000891  copy_in                        
20000218  counter                        
00000849  exit                           
00000000  g_pfnVectors                   
0000064b  main                           
20000214  main_func_sp                   
0000049f  memcpy                         
000005d5  memset                         
2000021a  result                         


GLOBAL SYMBOLS: SORTED BY Symbol Address 

address   name                           
-------   ----                           
00000000  __TI_static_base__             
00000000  g_pfnVectors                   
00000200  __STACK_SIZE                   
0000026d  __aeabi_ddiv                   
000003a3  __aeabi_dmul                   
0000049f  __aeabi_memcpy                 
0000049f  __aeabi_memcpy4                
0000049f  __aeabi_memcpy8                
0000049f  memcpy                         
0000053b  __mpu_init                     
0000053d  ADCinit                        
000005cd  __aeabi_memclr                 
000005cd  __aeabi_memclr4                
000005cd  __aeabi_memclr8                
000005cf  __aeabi_memset                 
000005cf  __aeabi_memset4                
000005cf  __aeabi_memset8                
000005d5  memset                         
00000647  _system_post_cinit             
00000649  SystemInit                     
0000064b  main                           
000006bd  __TI_auto_init                 
0000072d  __TI_decompress_lzss           
00000795  GPTinit                        
000007e9  _c_int00                       
0000083d  C$$EXIT                        
00000841  abort                          
00000849  exit                           
00000891  copy_in                        
000008dd  __aeabi_d2iz                   
00000925  __aeabi_ui2d                   
00000945  _args_main                     
0000095d  _register_unlock               
00000963  _register_lock                 
0000096b  _nop                           
00000971  __TI_decompress_none           
0000097f  __TI_zero_init                 
0000098b  ResetISR                       
00000997  _system_pre_init               
000009b4  __TI_Handler_Table_Base        
000009c0  __TI_Handler_Table_Limit       
000009c8  __TI_CINIT_Base                
000009d8  __TI_CINIT_Limit               
20000000  __stack                        
20000200  __STACK_END                    
20000200  __STACK_TOP                    
20000200  __TI_cleanup_ptr               
20000204  __TI_dtors_ptr                 
20000208  __TI_enable_exit_profile_output
2000020c  _lock                          
20000210  _unlock                        
20000214  main_func_sp                   
20000218  counter                        
2000021a  result                         
ffffffff  __TI_pprof_out_hndl            
ffffffff  __TI_prof_data_size            
ffffffff  __TI_prof_data_start           
ffffffff  __binit__                      
ffffffff  __c_args__                     
ffffffff  binit                          
UNDEFED   SHT$$INIT_ARRAY$$Base          
UNDEFED   SHT$$INIT_ARRAY$$Limit         

[62 symbols]
